sudo su
clear
su su
sudo su
vi backup.sh
sh backup.sh
vi backup.sh
sh backup.sh
vi backup.sh
sh backup.sh
vi argu.sh
sh argu.sh
sh argu.sh dev prod cecile
clear
sudo su
hostnamectl
su -root
su - root
sudo su
ls
ssh ec2-user@18.216.241.135
sudo ssh ec2-user@18.216.241.135
#sudo ssh ec2-user@18.216.241.135
pwd
touch key.perm
vi key.perm 
clear
sudo yum install git -y
git
clear
ls
mkdir tesla 
cd tesla
pwd
git status
clear
vi list
ls
vi app.py
sudo sh app.py
python app.py
sudo python app.py
yum install python -y
clear
ls
rm app.py
ls
git status
git init
git config --global init.defaultBranch master
git branch -m master
git init 
git status
git add .
git status
ls -a
cat .git
ls .git/
ls .git
git commit -m "firstappv"
git status
git log
useradd cecile
sudo useradd cecile
passwd cecile
sudo passwd cecile
git show[ec2-user@app tesla]$ vi list
[ec2-user@app tesla]$ ls
list
[ec2-user@app tesla]$ vi app.py
[ec2-user@app tesla]$ sudo sh app.py
app.py: line 1: syntax error near unexpected token `'Serge''
app.py: line 1: `print ('Serge')'
[ec2-user@app tesla]$ python app.py
-bash: python: command not found
[ec2-user@app tesla]$ sudo python app.py
sudo: python: command not found
[ec2-user@app tesla]$ yum install python -y
2022-05-17 23:01:39,727 [ERROR] yum:407189:MainThread @logutil.py:194 - [Errno 13] Permission denied: '/var/log/rhsm/rhsm.log' - Further logging output will be written to stderr
Not root, Subscription Management repositories not updated
This system is not registered to Red Hat Subscription Management. You can use subscription-manager to register.
Error: This command has to be run with superuser privileges (under the root user on most systems).
[ec2-user@app tesla]$ clear
[ec2-user@app tesla]$ ls
app.py  list
[ec2-user@app tesla]$ rm app.py
[ec2-user@app tesla]$ ls
list
[ec2-user@app tesla]$ git status
fatal: not a git repository (or any of the parent directories): .git
[ec2-user@app tesla]$ git init
hint: Using 'master' as the name for the initial branch. This default branch name
hint: is subject to change. To configure the initial branch name to use in all
hint: of your new repositories, which will suppress this warning, call:
hint:
hint:   git config --global init.defaultBranch <name>
hint:
hint: Names commonly chosen instead of 'master' are 'main', 'trunk' and
hint: 'development'. The just-created branch can be renamed via this command:
hint:
hint:   git branch -m <name>
Initialized empty Git repository in /home/ec2-user/tesla/.git/
[ec2-user@app tesla]$ git config --global init.defaultBranch master
[ec2-user@app tesla]$ git branch -m master
[ec2-user@app tesla]$ git init
Reinitialized existing Git repository in /home/ec2-user/tesla/.git/
[ec2-user@app tesla]$ git status
On branch master
No commits yet
Untracked files:
  (use "git add <file>..." to include in what will be committed)
        list
nothing added to commit but untracked files present (use "git add" to track)
[ec2-user@app tesla]$ git add .
[ec2-user@app tesla]$ git status
On branch master
No commits yet
Changes to be committed:
  (use "git rm --cached <file>..." to unstage)
        new file:   list
[ec2-user@app tesla]$ ls -a
.  ..  .git  list
[ec2-user@app tesla]$ cat .git
cat: .git: Is a directory
[ec2-user@app tesla]$ ls .git/
branches  config  description  HEAD  hooks  index  info  objects  refs
[ec2-user@app tesla]$ ls .git
branches  config  description  HEAD  hooks  index  info  objects  refs
[ec2-user@app tesla]$ git commit -m "firstappv"
[master (root-commit) 04180aa] firstappv
 Committer: Cloud User <ec2-user@app.com>
Your name and email address were configured automatically based
on your username and hostname. Please check that they are accurate.
You can suppress this message by setting them explicitly:
    git config --global user.name "Your Name"
    git config --global user.email you@example.com
After doing this, you may fix the identity used for this commit with:
    git commit --amend --reset-author
clear
vi deploy.sh
git status
git add .
git status
git commit -m "deployment ready"
git status
git show 
git show 6c
git show 6c7cc4bf71
git show 4de86a622274
git remote add te https://github.com/Landmarktechdev/Tesla.git
git remote -v
git push te master
git status
ls
cd tesla/
git status
git push master
git status
ls
git show
ls
git add .
git status
git push master
git status
git log
git remote add te https://github.com/Landmarktechdev/Tesla.git
git remote -v
git push te master
clear
git push te master
clear
git push te master
git pull te master
cat class28.java 
cat list 
git fetch te master
cat list 
git diff te/master
git merge te/master
cat list 
vi classa.app
ls
git status
git clean -n
touch monitor.sh
git status
git clean -n
git clean -f
ls
vi classa.app
ls
git status
git add .
git status
git reset 
git status
git add .
git status
git commit -m "classa.app development completed"
git log
git show 102a3b876
git revert 102a3b876
git status
ls
clear
ls
git branch development
git branch
git checkout development
git branch
ls
vi list
git status
git commit -a -m "added in dev"
git log -2
git checkout master
ls
git log -2
clear
ls
cat lis
cat list
git diff development
git merge development
git log
git status
git branch
git checkout development
cat list
ls
echo " welcome to BOA"> class28.java
ls
cat class28.java 
git status
git add .
git commit -m "added"
git checkout master
ls
su
sudo su
ls
useradd cecile
su cecile
ls
touch .gitignore
git status
sudo su
